// Jest Snapshot v1, https://goo.gl/fbAQLP

exports[`ChallengeScreen creates a snapshot 1`] = `
<RCTScrollView>
  <View>
    <Text>
      현재 진행 중인 챌린지
    </Text>
    <View
      style={
        {
          "marginBottom": 16,
        }
      }
    >
      <View>
        <Text>
          7일간의 감사 일기
        </Text>
        <Text>
          매일 감사한 일 3가지를 기록해보세요.
        </Text>
        <View>
          <View
            accessibilityRole="progressbar"
            progress={0.4}
          />
          <Text>
            40% 완료
          </Text>
        </View>
        <View>
          <Text>
            참여자: 128명
          </Text>
        </View>
        <View>
          <Text>
            기간: 7일
          </Text>
        </View>
      </View>
      <View>
        <View
          accessibilityState={
            {
              "busy": undefined,
              "checked": undefined,
              "disabled": undefined,
              "expanded": undefined,
              "selected": undefined,
            }
          }
          accessibilityValue={
            {
              "max": undefined,
              "min": undefined,
              "now": undefined,
              "text": undefined,
            }
          }
          accessible={true}
          collapsable={false}
          focusable={true}
          onClick={[Function]}
          onResponderGrant={[Function]}
          onResponderMove={[Function]}
          onResponderRelease={[Function]}
          onResponderTerminate={[Function]}
          onResponderTerminationRequest={[Function]}
          onStartShouldSetResponder={[Function]}
          style={
            {
              "opacity": 1,
            }
          }
        >
          <Text>
            참여하기
          </Text>
        </View>
      </View>
    </View>
    <View
      style={
        {
          "marginBottom": 16,
        }
      }
    >
      <View>
        <Text>
          30일 긍정 에너지 나누기
        </Text>
        <Text>
          하루에 한 번 주변 사람에게 긍정적인 말을 해보세요.
        </Text>
        <View>
          <View
            accessibilityRole="progressbar"
            progress={0.2}
          />
          <Text>
            20% 완료
          </Text>
        </View>
        <View>
          <Text>
            참여자: 56명
          </Text>
        </View>
        <View>
          <Text>
            기간: 30일
          </Text>
        </View>
      </View>
      <View>
        <View
          accessibilityState={
            {
              "busy": undefined,
              "checked": undefined,
              "disabled": undefined,
              "expanded": undefined,
              "selected": undefined,
            }
          }
          accessibilityValue={
            {
              "max": undefined,
              "min": undefined,
              "now": undefined,
              "text": undefined,
            }
          }
          accessible={true}
          collapsable={false}
          focusable={true}
          onClick={[Function]}
          onResponderGrant={[Function]}
          onResponderMove={[Function]}
          onResponderRelease={[Function]}
          onResponderTerminate={[Function]}
          onResponderTerminationRequest={[Function]}
          onStartShouldSetResponder={[Function]}
          style={
            {
              "opacity": 1,
            }
          }
        >
          <Text>
            참여하기
          </Text>
        </View>
      </View>
    </View>
    <View
      style={
        {
          "marginBottom": 16,
        }
      }
    >
      <View>
        <Text>
          21일 명상 습관 만들기
        </Text>
        <Text>
          매일 10분씩 명상을 하고 느낀 점을 공유해보세요.
        </Text>
        <View>
          <View
            accessibilityRole="progressbar"
            progress={0.6}
          />
          <Text>
            60% 완료
          </Text>
        </View>
        <View>
          <Text>
            참여자: 89명
          </Text>
        </View>
        <View>
          <Text>
            기간: 21일
          </Text>
        </View>
      </View>
      <View>
        <View
          accessibilityState={
            {
              "busy": undefined,
              "checked": undefined,
              "disabled": undefined,
              "expanded": undefined,
              "selected": undefined,
            }
          }
          accessibilityValue={
            {
              "max": undefined,
              "min": undefined,
              "now": undefined,
              "text": undefined,
            }
          }
          accessible={true}
          collapsable={false}
          focusable={true}
          onClick={[Function]}
          onResponderGrant={[Function]}
          onResponderMove={[Function]}
          onResponderRelease={[Function]}
          onResponderTerminate={[Function]}
          onResponderTerminationRequest={[Function]}
          onStartShouldSetResponder={[Function]}
          style={
            {
              "opacity": 1,
            }
          }
        >
          <Text>
            참여하기
          </Text>
        </View>
      </View>
    </View>
  </View>
</RCTScrollView>
`;
